// Jest Snapshot v1, https://goo.gl/fbAQLP

exports[`Available On Snapshot Test 1`] = `
<div>
  <span />
</div>
`;
