// Jest Snapshot v1, https://goo.gl/fbAQLP

exports[`Language Option Snapshot Test 1`] = `
<div>
  <section
    class="language_option"
  >
    <img
      alt="English"
      class="language_icon"
      src="English.png"
    />
    <h4
      class="language"
    >
      English
    </h4>
    <svg
      aria-hidden="true"
      class="MuiSvgIcon-root not_selected"
      data-testid="not_selected"
      focusable="false"
      title="Select"
      viewBox="0 0 24 24"
    >
      <path
        d="M12 2C6.48 2 2 6.48 2 12s4.48 10 10 10 10-4.48 10-10S17.52 2 12 2zm0 18c-4.42 0-8-3.58-8-8s3.58-8 8-8 8 3.58 8 8-3.58 8-8 8z"
      />
    </svg>
  </section>
</div>
`;
